=== HANA Connection Test ===
Host: 192.168.4.80
Port: 30015
Database: TEST_DSL
User: PABANIH
Schema: TEST_DSL

Attempting ODBC connection to SAP HANA...
DSN: odbc:Driver={HDBODBC};ServerNode=192.168.4.80:30015

Γ£ù Connection Failed!
Error: could not find driver
Code: 0

--- Troubleshooting Tips ---
1. Ensure SAP HANA Client is installed
2. Verify HDBODBC driver is available in ODBC Data Sources
3. Check if the server is accessible from this machine
4. Verify credentials are correct
